// Jest Snapshot v1, https://goo.gl/fbAQLP

exports[`Success conditions Smoke test 1`] = `"Hello, World!"`;
