// Jest Snapshot v1, https://goo.gl/fbAQLP

exports[`Success Conditions Smoke test - custom name 1`] = `
"# ~~ Generated by projen. To modify, edit .projenrc.js and run \\"npx projen\\".

"
`;

exports[`Success Conditions Smoke test - default name 1`] = `
"# ~~ Generated by projen. To modify, edit .projenrc.js and run \\"npx projen\\".

"
`;
