// Jest Snapshot v1, https://goo.gl/fbAQLP

exports[`success conditions Smoke test 1`] = `"Hello, World!"`;
