// Jest Snapshot v1, https://goo.gl/fbAQLP

exports[`Success conditions Synth files match 1`] = `
Array [
  ".eslintrc.json",
  ".gitattributes",
  ".gitignore",
  ".npmignore",
  ".npmrc",
  ".prettierignore",
  ".prettierrc.json",
  ".projen/deps.json",
  ".projen/files.json",
  ".projen/tasks.json",
  "cdk.json",
  "package.json",
  "README.md",
  "src/api-gateway/http-api.ts",
  "src/api-gateway/rest-api.ts",
  "src/app-sync/graphql-api.ts",
  "src/app-sync/resolvers/ts/create-bar.ts",
  "src/app-sync/resolvers/ts/delete-bar.ts",
  "src/app-sync/resolvers/ts/get-bar.ts",
  "src/app-sync/resolvers/ts/update-bar.ts",
  "src/main.ts",
  "src/types.ts",
  "test/main.test.ts",
  "tsconfig.dev.json",
  "tsconfig.json",
]
`;
