// Jest Snapshot v1, https://goo.gl/fbAQLP

exports[`Success Conditions Smoke test 1`] = `
"## ~~ Generated by projen. To modify, edit .projenrc.js and run \\"npx projen\\".


$util.toJson($ctx.result)

"
`;
