// Jest Snapshot v1, https://goo.gl/fbAQLP

exports[`workflow file tests Generates expected pipeline 1`] = `
"# ~~ Generated by projen. To modify, edit .projenrc.ts and run \\"npx projen\\".

name: deploy-test-pipeline
on: {}
jobs: {}
"
`;
