// Jest Snapshot v1, https://goo.gl/fbAQLP

exports[`Generates expected pipeline 1`] = `undefined`;
