// Jest Snapshot v1, https://goo.gl/fbAQLP

exports[`success conditions Attribute Relationships 1`] = `
"// ~~ Generated by projen. To modify, edit .projenrc.js and run \\"npx projen\\".

export type Error = {
    code: number;
    source: string;
    message: string;
    detail: string;
};

export type Request<T> = {
    input?: T;
};

export type Response<T> = {
    data?: T;
    errors: Array<Error>;
    status: number;
};

export type ListRequest<T> = {
    /**
     * A search string to filter the list by.
     * Will match starting string in index text. Case insensitive.
    */
    indexTerm: string;
    nextToken: string;
};

export type ListResponse<T> = {
    data?: Array<T>;
    errors: Array<Error>;
    status: number;
};

/**
 * Public facing data structure for this record.
*/
export type Address = {
    /**
     * Identifier for this record.
    */
    id: string;
    /**
     * Type of record.
    */
    type: string;
    /**
     * Version for record.
    */
    version: string;
    /**
     * The timestamp representing when this record was created.
    */
    createdTimestamp: string;
    /**
     * The timestamp representing when this record was last modified.
    */
    modifiedTimestamp: string;
    street: string;
    city: string;
};

/**
 * Private data structure for this record.
 * Used internally in Dynamo, SQS and other native services.
*/
export type AddressData = {
    /**
     * Partition Key for this record.
    */
    pk: string;
    /**
     * Sort Key for this record.
    */
    sk: string;
    /**
     * Lookup value for this record.
    */
    idx: string;
    /**
     * Identifier for this record.
    */
    id: string;
    /**
     * Type of record.
    */
    t: string;
    /**
     * Version for record.
    */
    v: string;
    /**
     * The timestamp representing when this record was created.
    */
    ct: string;
    /**
     * The timestamp representing when this record was last modified.
    */
    mt: string;
    /**
     * The timestamp representing when this record was marked as deleted.
    */
    dt: string;
    street: string;
    city: string;
};

export type CreateAddressInput = {};

export type CreateAddressOutput = {
    /**
     * Identifier for this record.
    */
    id: string;
    /**
     * Type of record.
    */
    type: string;
    /**
     * Version for record.
    */
    version: string;
    /**
     * The timestamp representing when this record was created.
    */
    createdTimestamp: string;
    /**
     * The timestamp representing when this record was last modified.
    */
    modifiedTimestamp: string;
    street: string;
    city: string;
};

export type GetAddressInput = {
    /**
     * Identifier for this record.
    */
    id: string;
};

export type GetAddressOutput = {
    /**
     * Identifier for this record.
    */
    id: string;
    /**
     * Type of record.
    */
    type: string;
    /**
     * Version for record.
    */
    version: string;
    /**
     * The timestamp representing when this record was created.
    */
    createdTimestamp: string;
    /**
     * The timestamp representing when this record was last modified.
    */
    modifiedTimestamp: string;
    street: string;
    city: string;
};

export type UpdateAddressInput = {
    /**
     * Identifier for this record.
    */
    id: string;
};

export type UpdateAddressOutput = {
    /**
     * Identifier for this record.
    */
    id: string;
    /**
     * Type of record.
    */
    type: string;
    /**
     * Version for record.
    */
    version: string;
    /**
     * The timestamp representing when this record was created.
    */
    createdTimestamp: string;
    /**
     * The timestamp representing when this record was last modified.
    */
    modifiedTimestamp: string;
    street: string;
    city: string;
};

export type DeleteAddressInput = {
    /**
     * Identifier for this record.
    */
    id: string;
};

export type DeleteAddressOutput = {
    /**
     * Identifier for this record.
    */
    id: string;
    /**
     * Type of record.
    */
    type: string;
    /**
     * Version for record.
    */
    version: string;
    /**
     * The timestamp representing when this record was created.
    */
    createdTimestamp: string;
    /**
     * The timestamp representing when this record was last modified.
    */
    modifiedTimestamp: string;
    street: string;
    city: string;
};

/**
 * Public facing data structure for this record.
*/
export type User = {
    /**
     * Identifier for this record.
    */
    id: string;
    /**
     * Type of record.
    */
    type: string;
    /**
     * Version for record.
    */
    version: string;
    /**
     * The timestamp representing when this record was created.
    */
    createdTimestamp: string;
    /**
     * The timestamp representing when this record was last modified.
    */
    modifiedTimestamp: string;
    firstName: string;
    lastName: string;
    primaryAddress: Address;
    addresses: Array<Address>;
    addressMap: Record<string, Address>;
};

/**
 * Private data structure for this record.
 * Used internally in Dynamo, SQS and other native services.
*/
export type UserData = {
    /**
     * Partition Key for this record.
    */
    pk: string;
    /**
     * Sort Key for this record.
    */
    sk: string;
    /**
     * Lookup value for this record.
    */
    idx: string;
    /**
     * Identifier for this record.
    */
    id: string;
    /**
     * Type of record.
    */
    t: string;
    /**
     * Version for record.
    */
    v: string;
    /**
     * The timestamp representing when this record was created.
    */
    ct: string;
    /**
     * The timestamp representing when this record was last modified.
    */
    mt: string;
    /**
     * The timestamp representing when this record was marked as deleted.
    */
    dt: string;
    firstName: string;
    lastName: string;
    primaryAddress: Address;
    addresses: Array<Address>;
    addressMap: Record<string, Address>;
};

export type CreateUserInput = {};

export type CreateUserOutput = {
    /**
     * Identifier for this record.
    */
    id: string;
    /**
     * Type of record.
    */
    type: string;
    /**
     * Version for record.
    */
    version: string;
    /**
     * The timestamp representing when this record was created.
    */
    createdTimestamp: string;
    /**
     * The timestamp representing when this record was last modified.
    */
    modifiedTimestamp: string;
    firstName: string;
    lastName: string;
    primaryAddress: Address;
    addresses: Array<Address>;
    addressMap: Record<string, Address>;
};

export type GetUserInput = {
    /**
     * Identifier for this record.
    */
    id: string;
};

export type GetUserOutput = {
    /**
     * Identifier for this record.
    */
    id: string;
    /**
     * Type of record.
    */
    type: string;
    /**
     * Version for record.
    */
    version: string;
    /**
     * The timestamp representing when this record was created.
    */
    createdTimestamp: string;
    /**
     * The timestamp representing when this record was last modified.
    */
    modifiedTimestamp: string;
    firstName: string;
    lastName: string;
    primaryAddress: Address;
    addresses: Array<Address>;
    addressMap: Record<string, Address>;
};

export type UpdateUserInput = {
    /**
     * Identifier for this record.
    */
    id: string;
};

export type UpdateUserOutput = {
    /**
     * Identifier for this record.
    */
    id: string;
    /**
     * Type of record.
    */
    type: string;
    /**
     * Version for record.
    */
    version: string;
    /**
     * The timestamp representing when this record was created.
    */
    createdTimestamp: string;
    /**
     * The timestamp representing when this record was last modified.
    */
    modifiedTimestamp: string;
    firstName: string;
    lastName: string;
    primaryAddress: Address;
    addresses: Array<Address>;
    addressMap: Record<string, Address>;
};

export type DeleteUserInput = {
    /**
     * Identifier for this record.
    */
    id: string;
};

export type DeleteUserOutput = {
    /**
     * Identifier for this record.
    */
    id: string;
    /**
     * Type of record.
    */
    type: string;
    /**
     * Version for record.
    */
    version: string;
    /**
     * The timestamp representing when this record was created.
    */
    createdTimestamp: string;
    /**
     * The timestamp representing when this record was last modified.
    */
    modifiedTimestamp: string;
    firstName: string;
    lastName: string;
    primaryAddress: Address;
    addresses: Array<Address>;
    addressMap: Record<string, Address>;
};
"
`;
