// Jest Snapshot v1, https://goo.gl/fbAQLP

exports[`success conditions With deploy 1`] = `
"# ~~ Generated by projen. To modify, edit .projenrc.js and run \\"npx projen\\".

name: deploy
on:
  push:
    branches:
      - feature/*
jobs:
  build:
    name: Build
    runs-on: ubuntu-latest
    permissions:
      contents: write
    env:
      CI: \\"true\\"
    steps:
      - name: Checkout
        uses: actions/checkout@v3
        with: {}
      - name: Setup Node.js
        uses: actions/setup-node@v3
        with:
          node-version: latest
          cache: yarn
      - name: Install dependencies
        run: yarn install --check-files --frozen-lockfile
      - name: build
        run: npx projen build
      - name: Backup artifact permissions for \\"sites/docs/.vitepress/dist\\"
        run: getfacl -R . > permissions-backup.acl
        continue-on-error: true
        working-directory: sites/docs/.vitepress/dist
      - name: Upload artifacts for \\"sites/docs/.vitepress/dist\\"
        uses: actions/upload-artifact@v3
        with:
          name: build-artifact-7a1a4772
          path: sites/docs/.vitepress/dist
  deploy-feature:
    name: Deploy feature
    needs: build
    runs-on: ubuntu-latest
    permissions:
      contents: read
      id-token: write
    concurrency: deploy-us-east
    env:
      CI: \\"true\\"
    if: startsWith( github.ref, 'refs/heads/feature' )
    steps:
      - name: Download build artifacts for \\"sites/docs/.vitepress/dist\\"
        uses: actions/download-artifact@v3
        with:
          name: build-artifact-7a1a4772
          path: sites/docs/.vitepress/dist
      - name: Restore build artifact permissions for \\"sites/docs/.vitepress/dist\\"
        run: setfacl --restore=permissions-backup.acl
        continue-on-error: true
        working-directory: sites/docs/.vitepress/dist
      - name: Setup Node.js
        uses: actions/setup-node@v3
        with:
          node-version: latest
      - name: Configure AWS Credentials
        uses: aws-actions/configure-aws-credentials@v2
        with:
          role-to-assume: arn:aws:iam::0000000000:role/GitHubDeploymentOIDCRole
          aws-region: us-east-1
          role-duration-seconds: 900
"
`;
