// Jest Snapshot v1, https://goo.gl/fbAQLP

exports[`Smoke test 1`] = `
"// ~~ Generated by projen. To modify, edit .projenrc.js and run \\"npx projen\\".

export const configurations = {
  \\"name\\": \\"my-service\\",
  \\"tenantEnabled\\": false,
  \\"dynamo\\": {
    \\"name\\": \\"my-service-table\\",
    \\"pk\\": {
      \\"name\\": \\"pk\\",
      \\"attributeType\\": \\"S\\",
      \\"keyType\\": \\"HASH\\"
    },
    \\"sk\\": {
      \\"name\\": \\"sk\\",
      \\"attributeType\\": \\"S\\",
      \\"keyType\\": \\"RANGE\\"
    },
    \\"idx\\": {
      \\"name\\": \\"idx\\",
      \\"attributeType\\": \\"S\\",
      \\"keyType\\": \\"NONE\\"
    },
    \\"keyGsi\\": {
      \\"name\\": \\"key\\",
      \\"pk\\": {
        \\"name\\": \\"pk\\",
        \\"attributeType\\": \\"S\\",
        \\"keyType\\": \\"HASH\\"
      },
      \\"sk\\": {
        \\"name\\": \\"sk\\",
        \\"attributeType\\": \\"S\\",
        \\"keyType\\": \\"RANGE\\"
      },
      \\"type\\": \\"PRIMARY\\"
    },
    \\"lookupGsi\\": {
      \\"name\\": \\"loookup\\",
      \\"pk\\": {
        \\"name\\": \\"sk\\",
        \\"attributeType\\": \\"S\\",
        \\"keyType\\": \\"RANGE\\"
      },
      \\"sk\\": {
        \\"name\\": \\"idx\\",
        \\"attributeType\\": \\"S\\",
        \\"keyType\\": \\"NONE\\"
      },
      \\"type\\": \\"SECONDARY\\"
    },
    \\"gsi\\": [
      {
        \\"name\\": \\"key\\",
        \\"pk\\": {
          \\"name\\": \\"pk\\",
          \\"attributeType\\": \\"S\\",
          \\"keyType\\": \\"HASH\\"
        },
        \\"sk\\": {
          \\"name\\": \\"sk\\",
          \\"attributeType\\": \\"S\\",
          \\"keyType\\": \\"RANGE\\"
        },
        \\"type\\": \\"PRIMARY\\"
      },
      {
        \\"name\\": \\"loookup\\",
        \\"pk\\": {
          \\"name\\": \\"sk\\",
          \\"attributeType\\": \\"S\\",
          \\"keyType\\": \\"RANGE\\"
        },
        \\"sk\\": {
          \\"name\\": \\"idx\\",
          \\"attributeType\\": \\"S\\",
          \\"keyType\\": \\"NONE\\"
        },
        \\"type\\": \\"SECONDARY\\"
      }
    ]
  },
  \\"resources\\": [
    {
      \\"name\\": \\"user\\",
      \\"shortName\\": \\"user\\",
      \\"pluralName\\": \\"users\\",
      \\"comments\\": [],
      \\"tenantEnabled\\": false,
      \\"dynamoTable\\": {
        \\"name\\": \\"my-service-table\\",
        \\"pk\\": {
          \\"name\\": \\"pk\\",
          \\"attributeType\\": \\"S\\",
          \\"keyType\\": \\"HASH\\"
        },
        \\"sk\\": {
          \\"name\\": \\"sk\\",
          \\"attributeType\\": \\"S\\",
          \\"keyType\\": \\"RANGE\\"
        },
        \\"idx\\": {
          \\"name\\": \\"idx\\",
          \\"attributeType\\": \\"S\\",
          \\"keyType\\": \\"NONE\\"
        },
        \\"keyGsi\\": {
          \\"name\\": \\"key\\",
          \\"pk\\": {
            \\"name\\": \\"pk\\",
            \\"attributeType\\": \\"S\\",
            \\"keyType\\": \\"HASH\\"
          },
          \\"sk\\": {
            \\"name\\": \\"sk\\",
            \\"attributeType\\": \\"S\\",
            \\"keyType\\": \\"RANGE\\"
          },
          \\"type\\": \\"PRIMARY\\"
        },
        \\"lookupGsi\\": {
          \\"name\\": \\"loookup\\",
          \\"pk\\": {
            \\"name\\": \\"sk\\",
            \\"attributeType\\": \\"S\\",
            \\"keyType\\": \\"RANGE\\"
          },
          \\"sk\\": {
            \\"name\\": \\"idx\\",
            \\"attributeType\\": \\"S\\",
            \\"keyType\\": \\"NONE\\"
          },
          \\"type\\": \\"SECONDARY\\"
        },
        \\"gsi\\": [
          {
            \\"name\\": \\"key\\",
            \\"pk\\": {
              \\"name\\": \\"pk\\",
              \\"attributeType\\": \\"S\\",
              \\"keyType\\": \\"HASH\\"
            },
            \\"sk\\": {
              \\"name\\": \\"sk\\",
              \\"attributeType\\": \\"S\\",
              \\"keyType\\": \\"RANGE\\"
            },
            \\"type\\": \\"PRIMARY\\"
          },
          {
            \\"name\\": \\"loookup\\",
            \\"pk\\": {
              \\"name\\": \\"sk\\",
              \\"attributeType\\": \\"S\\",
              \\"keyType\\": \\"RANGE\\"
            },
            \\"sk\\": {
              \\"name\\": \\"idx\\",
              \\"attributeType\\": \\"S\\",
              \\"keyType\\": \\"NONE\\"
            },
            \\"type\\": \\"SECONDARY\\"
          }
        ]
      },
      \\"attributes\\": [
        {
          \\"name\\": \\"pk\\",
          \\"shortName\\": \\"pk\\",
          \\"required\\": true,
          \\"comments\\": [
            \\"Partition Key for this record.\\"
          ],
          \\"type\\": \\"String\\",
          \\"management\\": \\"SYSTEM_MANAGED\\",
          \\"visibility\\": \\"HIDDEN\\",
          \\"identifier\\": \\"NONE\\",
          \\"compositionSources\\": [
            \\"id\\"
          ],
          \\"compositionsSeperator\\": \\"#\\",
          \\"createGenerator\\": \\"Composition\\",
          \\"readGenerator\\": \\"Composition\\",
          \\"updateGenerator\\": \\"Composition\\",
          \\"deleteGenerator\\": \\"Composition\\"
        },
        {
          \\"name\\": \\"sk\\",
          \\"shortName\\": \\"sk\\",
          \\"required\\": true,
          \\"comments\\": [
            \\"Sort Key for this record.\\"
          ],
          \\"type\\": \\"String\\",
          \\"management\\": \\"SYSTEM_MANAGED\\",
          \\"visibility\\": \\"HIDDEN\\",
          \\"identifier\\": \\"NONE\\",
          \\"compositionSources\\": [
            \\"type\\",
            \\"version\\"
          ],
          \\"compositionsSeperator\\": \\"#\\",
          \\"createGenerator\\": \\"Composition\\",
          \\"readGenerator\\": \\"Composition\\",
          \\"updateGenerator\\": \\"Composition\\",
          \\"deleteGenerator\\": \\"Composition\\"
        },
        {
          \\"name\\": \\"lookup\\",
          \\"shortName\\": \\"idx\\",
          \\"required\\": true,
          \\"comments\\": [
            \\"Lookup value for this record.\\"
          ],
          \\"type\\": \\"String\\",
          \\"management\\": \\"SYSTEM_MANAGED\\",
          \\"visibility\\": \\"HIDDEN\\",
          \\"identifier\\": \\"NONE\\",
          \\"compositionSources\\": [],
          \\"compositionsSeperator\\": \\" \\",
          \\"createGenerator\\": \\"Composition\\",
          \\"readGenerator\\": \\"Composition\\",
          \\"updateGenerator\\": \\"Composition\\",
          \\"deleteGenerator\\": \\"Composition\\"
        },
        {
          \\"name\\": \\"id\\",
          \\"shortName\\": \\"id\\",
          \\"required\\": true,
          \\"comments\\": [
            \\"Identifier for this record.\\"
          ],
          \\"type\\": \\"String\\",
          \\"management\\": \\"SYSTEM_MANAGED\\",
          \\"visibility\\": \\"USER_VISIBLE\\",
          \\"identifier\\": \\"PRIMARY\\",
          \\"compositionSources\\": [],
          \\"compositionsSeperator\\": \\"#\\",
          \\"createGenerator\\": \\"Guid\\",
          \\"readGenerator\\": \\"None\\",
          \\"updateGenerator\\": \\"None\\",
          \\"deleteGenerator\\": \\"None\\"
        },
        {
          \\"name\\": \\"type\\",
          \\"shortName\\": \\"t\\",
          \\"required\\": true,
          \\"comments\\": [
            \\"Type of record.\\"
          ],
          \\"type\\": \\"String\\",
          \\"management\\": \\"SYSTEM_MANAGED\\",
          \\"visibility\\": \\"USER_VISIBLE\\",
          \\"identifier\\": \\"NONE\\",
          \\"compositionSources\\": [],
          \\"compositionsSeperator\\": \\"#\\",
          \\"createGenerator\\": \\"Type\\",
          \\"readGenerator\\": \\"None\\",
          \\"updateGenerator\\": \\"None\\",
          \\"deleteGenerator\\": \\"None\\"
        },
        {
          \\"name\\": \\"version\\",
          \\"shortName\\": \\"v\\",
          \\"required\\": true,
          \\"comments\\": [
            \\"Version for record.\\"
          ],
          \\"type\\": \\"String\\",
          \\"management\\": \\"SYSTEM_MANAGED\\",
          \\"visibility\\": \\"USER_VISIBLE\\",
          \\"identifier\\": \\"NONE\\",
          \\"compositionSources\\": [],
          \\"compositionsSeperator\\": \\"#\\",
          \\"createGenerator\\": \\"VersionDateTimeStamp\\",
          \\"readGenerator\\": \\"None\\",
          \\"updateGenerator\\": \\"None\\",
          \\"deleteGenerator\\": \\"None\\"
        },
        {
          \\"name\\": \\"created-timestamp\\",
          \\"shortName\\": \\"ct\\",
          \\"required\\": true,
          \\"comments\\": [
            \\"The timestamp representing when this record was created.\\"
          ],
          \\"type\\": \\"String\\",
          \\"management\\": \\"SYSTEM_MANAGED\\",
          \\"visibility\\": \\"USER_VISIBLE\\",
          \\"identifier\\": \\"NONE\\",
          \\"compositionSources\\": [],
          \\"compositionsSeperator\\": \\"#\\",
          \\"createGenerator\\": \\"CurrentDateTimeStamp\\",
          \\"readGenerator\\": \\"None\\",
          \\"updateGenerator\\": \\"CurrentDateTimeStamp\\",
          \\"deleteGenerator\\": \\"None\\"
        },
        {
          \\"name\\": \\"modified-timestamp\\",
          \\"shortName\\": \\"mt\\",
          \\"required\\": true,
          \\"comments\\": [
            \\"The timestamp representing when this record was last modified.\\"
          ],
          \\"type\\": \\"String\\",
          \\"management\\": \\"SYSTEM_MANAGED\\",
          \\"visibility\\": \\"USER_VISIBLE\\",
          \\"identifier\\": \\"NONE\\",
          \\"compositionSources\\": [],
          \\"compositionsSeperator\\": \\"#\\",
          \\"createGenerator\\": \\"None\\",
          \\"readGenerator\\": \\"None\\",
          \\"updateGenerator\\": \\"CurrentDateTimeStamp\\",
          \\"deleteGenerator\\": \\"None\\"
        },
        {
          \\"name\\": \\"deleted-timestamp\\",
          \\"shortName\\": \\"dt\\",
          \\"required\\": true,
          \\"comments\\": [
            \\"The timestamp representing when this record was marked as deleted.\\"
          ],
          \\"type\\": \\"String\\",
          \\"management\\": \\"SYSTEM_MANAGED\\",
          \\"visibility\\": \\"HIDDEN\\",
          \\"identifier\\": \\"NONE\\",
          \\"compositionSources\\": [],
          \\"compositionsSeperator\\": \\"#\\",
          \\"createGenerator\\": \\"None\\",
          \\"readGenerator\\": \\"None\\",
          \\"updateGenerator\\": \\"None\\",
          \\"deleteGenerator\\": \\"CurrentDateTimeStamp\\"
        },
        {
          \\"name\\": \\"name\\",
          \\"shortName\\": \\"name\\",
          \\"required\\": true,
          \\"comments\\": [],
          \\"type\\": \\"String\\",
          \\"management\\": \\"USER_MANAGED\\",
          \\"visibility\\": \\"USER_VISIBLE\\",
          \\"identifier\\": \\"NONE\\",
          \\"compositionSources\\": [],
          \\"compositionsSeperator\\": \\"#\\",
          \\"createGenerator\\": \\"None\\",
          \\"readGenerator\\": \\"None\\",
          \\"updateGenerator\\": \\"None\\",
          \\"deleteGenerator\\": \\"None\\"
        }
      ],
      \\"dataStructure\\": {
        \\"name\\": \\"user\\",
        \\"comments\\": [
          \\"Public facing data structure for this record.\\"
        ],
        \\"attributes\\": [
          {
            \\"name\\": \\"id\\",
            \\"shortName\\": \\"id\\",
            \\"type\\": \\"String\\",
            \\"management\\": \\"SYSTEM_MANAGED\\",
            \\"visibility\\": \\"USER_VISIBLE\\",
            \\"comments\\": [
              \\"Identifier for this record.\\"
            ],
            \\"required\\": true,
            \\"generator\\": \\"None\\"
          },
          {
            \\"name\\": \\"type\\",
            \\"shortName\\": \\"t\\",
            \\"type\\": \\"String\\",
            \\"management\\": \\"SYSTEM_MANAGED\\",
            \\"visibility\\": \\"USER_VISIBLE\\",
            \\"comments\\": [
              \\"Type of record.\\"
            ],
            \\"required\\": true,
            \\"generator\\": \\"None\\"
          },
          {
            \\"name\\": \\"version\\",
            \\"shortName\\": \\"v\\",
            \\"type\\": \\"String\\",
            \\"management\\": \\"SYSTEM_MANAGED\\",
            \\"visibility\\": \\"USER_VISIBLE\\",
            \\"comments\\": [
              \\"Version for record.\\"
            ],
            \\"required\\": true,
            \\"generator\\": \\"None\\"
          },
          {
            \\"name\\": \\"created-timestamp\\",
            \\"shortName\\": \\"ct\\",
            \\"type\\": \\"String\\",
            \\"management\\": \\"SYSTEM_MANAGED\\",
            \\"visibility\\": \\"USER_VISIBLE\\",
            \\"comments\\": [
              \\"The timestamp representing when this record was created.\\"
            ],
            \\"required\\": true,
            \\"generator\\": \\"None\\"
          },
          {
            \\"name\\": \\"modified-timestamp\\",
            \\"shortName\\": \\"mt\\",
            \\"type\\": \\"String\\",
            \\"management\\": \\"SYSTEM_MANAGED\\",
            \\"visibility\\": \\"USER_VISIBLE\\",
            \\"comments\\": [
              \\"The timestamp representing when this record was last modified.\\"
            ],
            \\"required\\": true,
            \\"generator\\": \\"None\\"
          },
          {
            \\"name\\": \\"name\\",
            \\"shortName\\": \\"name\\",
            \\"type\\": \\"String\\",
            \\"management\\": \\"USER_MANAGED\\",
            \\"visibility\\": \\"USER_VISIBLE\\",
            \\"comments\\": [],
            \\"required\\": true,
            \\"generator\\": \\"None\\"
          }
        ]
      }
    },
    {
      \\"name\\": \\"widget\\",
      \\"shortName\\": \\"widget\\",
      \\"pluralName\\": \\"widgets\\",
      \\"comments\\": [],
      \\"tenantEnabled\\": true,
      \\"dynamoTable\\": {
        \\"name\\": \\"my-service-table\\",
        \\"pk\\": {
          \\"name\\": \\"pk\\",
          \\"attributeType\\": \\"S\\",
          \\"keyType\\": \\"HASH\\"
        },
        \\"sk\\": {
          \\"name\\": \\"sk\\",
          \\"attributeType\\": \\"S\\",
          \\"keyType\\": \\"RANGE\\"
        },
        \\"idx\\": {
          \\"name\\": \\"idx\\",
          \\"attributeType\\": \\"S\\",
          \\"keyType\\": \\"NONE\\"
        },
        \\"keyGsi\\": {
          \\"name\\": \\"key\\",
          \\"pk\\": {
            \\"name\\": \\"pk\\",
            \\"attributeType\\": \\"S\\",
            \\"keyType\\": \\"HASH\\"
          },
          \\"sk\\": {
            \\"name\\": \\"sk\\",
            \\"attributeType\\": \\"S\\",
            \\"keyType\\": \\"RANGE\\"
          },
          \\"type\\": \\"PRIMARY\\"
        },
        \\"lookupGsi\\": {
          \\"name\\": \\"loookup\\",
          \\"pk\\": {
            \\"name\\": \\"sk\\",
            \\"attributeType\\": \\"S\\",
            \\"keyType\\": \\"RANGE\\"
          },
          \\"sk\\": {
            \\"name\\": \\"idx\\",
            \\"attributeType\\": \\"S\\",
            \\"keyType\\": \\"NONE\\"
          },
          \\"type\\": \\"SECONDARY\\"
        },
        \\"gsi\\": [
          {
            \\"name\\": \\"key\\",
            \\"pk\\": {
              \\"name\\": \\"pk\\",
              \\"attributeType\\": \\"S\\",
              \\"keyType\\": \\"HASH\\"
            },
            \\"sk\\": {
              \\"name\\": \\"sk\\",
              \\"attributeType\\": \\"S\\",
              \\"keyType\\": \\"RANGE\\"
            },
            \\"type\\": \\"PRIMARY\\"
          },
          {
            \\"name\\": \\"loookup\\",
            \\"pk\\": {
              \\"name\\": \\"sk\\",
              \\"attributeType\\": \\"S\\",
              \\"keyType\\": \\"RANGE\\"
            },
            \\"sk\\": {
              \\"name\\": \\"idx\\",
              \\"attributeType\\": \\"S\\",
              \\"keyType\\": \\"NONE\\"
            },
            \\"type\\": \\"SECONDARY\\"
          }
        ]
      },
      \\"attributes\\": [
        {
          \\"name\\": \\"pk\\",
          \\"shortName\\": \\"pk\\",
          \\"required\\": true,
          \\"comments\\": [
            \\"Partition Key for this record.\\"
          ],
          \\"type\\": \\"String\\",
          \\"management\\": \\"SYSTEM_MANAGED\\",
          \\"visibility\\": \\"HIDDEN\\",
          \\"identifier\\": \\"NONE\\",
          \\"compositionSources\\": [
            \\"tenant-id\\",
            \\"id\\"
          ],
          \\"compositionsSeperator\\": \\"#\\",
          \\"createGenerator\\": \\"Composition\\",
          \\"readGenerator\\": \\"Composition\\",
          \\"updateGenerator\\": \\"Composition\\",
          \\"deleteGenerator\\": \\"Composition\\"
        },
        {
          \\"name\\": \\"sk\\",
          \\"shortName\\": \\"sk\\",
          \\"required\\": true,
          \\"comments\\": [
            \\"Sort Key for this record.\\"
          ],
          \\"type\\": \\"String\\",
          \\"management\\": \\"SYSTEM_MANAGED\\",
          \\"visibility\\": \\"HIDDEN\\",
          \\"identifier\\": \\"NONE\\",
          \\"compositionSources\\": [
            \\"tenant-id\\",
            \\"type\\",
            \\"version\\"
          ],
          \\"compositionsSeperator\\": \\"#\\",
          \\"createGenerator\\": \\"Composition\\",
          \\"readGenerator\\": \\"Composition\\",
          \\"updateGenerator\\": \\"Composition\\",
          \\"deleteGenerator\\": \\"Composition\\"
        },
        {
          \\"name\\": \\"lookup\\",
          \\"shortName\\": \\"idx\\",
          \\"required\\": true,
          \\"comments\\": [
            \\"Lookup value for this record.\\"
          ],
          \\"type\\": \\"String\\",
          \\"management\\": \\"SYSTEM_MANAGED\\",
          \\"visibility\\": \\"HIDDEN\\",
          \\"identifier\\": \\"NONE\\",
          \\"compositionSources\\": [],
          \\"compositionsSeperator\\": \\" \\",
          \\"createGenerator\\": \\"Composition\\",
          \\"readGenerator\\": \\"Composition\\",
          \\"updateGenerator\\": \\"Composition\\",
          \\"deleteGenerator\\": \\"Composition\\"
        },
        {
          \\"name\\": \\"tenant-id\\",
          \\"shortName\\": \\"tid\\",
          \\"required\\": true,
          \\"comments\\": [
            \\"Tenant identifier for this record.\\"
          ],
          \\"type\\": \\"String\\",
          \\"management\\": \\"SYSTEM_MANAGED\\",
          \\"visibility\\": \\"HIDDEN\\",
          \\"identifier\\": \\"NONE\\",
          \\"compositionSources\\": [],
          \\"compositionsSeperator\\": \\"#\\",
          \\"createGenerator\\": \\"Tenant\\",
          \\"readGenerator\\": \\"Tenant\\",
          \\"updateGenerator\\": \\"Tenant\\",
          \\"deleteGenerator\\": \\"Tenant\\"
        },
        {
          \\"name\\": \\"id\\",
          \\"shortName\\": \\"id\\",
          \\"required\\": true,
          \\"comments\\": [
            \\"Identifier for this record.\\"
          ],
          \\"type\\": \\"String\\",
          \\"management\\": \\"SYSTEM_MANAGED\\",
          \\"visibility\\": \\"USER_VISIBLE\\",
          \\"identifier\\": \\"PRIMARY\\",
          \\"compositionSources\\": [],
          \\"compositionsSeperator\\": \\"#\\",
          \\"createGenerator\\": \\"Guid\\",
          \\"readGenerator\\": \\"None\\",
          \\"updateGenerator\\": \\"None\\",
          \\"deleteGenerator\\": \\"None\\"
        },
        {
          \\"name\\": \\"type\\",
          \\"shortName\\": \\"t\\",
          \\"required\\": true,
          \\"comments\\": [
            \\"Type of record.\\"
          ],
          \\"type\\": \\"String\\",
          \\"management\\": \\"SYSTEM_MANAGED\\",
          \\"visibility\\": \\"USER_VISIBLE\\",
          \\"identifier\\": \\"NONE\\",
          \\"compositionSources\\": [],
          \\"compositionsSeperator\\": \\"#\\",
          \\"createGenerator\\": \\"Type\\",
          \\"readGenerator\\": \\"None\\",
          \\"updateGenerator\\": \\"None\\",
          \\"deleteGenerator\\": \\"None\\"
        },
        {
          \\"name\\": \\"version\\",
          \\"shortName\\": \\"v\\",
          \\"required\\": true,
          \\"comments\\": [
            \\"Version for record.\\"
          ],
          \\"type\\": \\"String\\",
          \\"management\\": \\"SYSTEM_MANAGED\\",
          \\"visibility\\": \\"USER_VISIBLE\\",
          \\"identifier\\": \\"NONE\\",
          \\"compositionSources\\": [],
          \\"compositionsSeperator\\": \\"#\\",
          \\"createGenerator\\": \\"VersionDateTimeStamp\\",
          \\"readGenerator\\": \\"None\\",
          \\"updateGenerator\\": \\"None\\",
          \\"deleteGenerator\\": \\"None\\"
        },
        {
          \\"name\\": \\"created-timestamp\\",
          \\"shortName\\": \\"ct\\",
          \\"required\\": true,
          \\"comments\\": [
            \\"The timestamp representing when this record was created.\\"
          ],
          \\"type\\": \\"String\\",
          \\"management\\": \\"SYSTEM_MANAGED\\",
          \\"visibility\\": \\"USER_VISIBLE\\",
          \\"identifier\\": \\"NONE\\",
          \\"compositionSources\\": [],
          \\"compositionsSeperator\\": \\"#\\",
          \\"createGenerator\\": \\"CurrentDateTimeStamp\\",
          \\"readGenerator\\": \\"None\\",
          \\"updateGenerator\\": \\"CurrentDateTimeStamp\\",
          \\"deleteGenerator\\": \\"None\\"
        },
        {
          \\"name\\": \\"modified-timestamp\\",
          \\"shortName\\": \\"mt\\",
          \\"required\\": true,
          \\"comments\\": [
            \\"The timestamp representing when this record was last modified.\\"
          ],
          \\"type\\": \\"String\\",
          \\"management\\": \\"SYSTEM_MANAGED\\",
          \\"visibility\\": \\"USER_VISIBLE\\",
          \\"identifier\\": \\"NONE\\",
          \\"compositionSources\\": [],
          \\"compositionsSeperator\\": \\"#\\",
          \\"createGenerator\\": \\"None\\",
          \\"readGenerator\\": \\"None\\",
          \\"updateGenerator\\": \\"CurrentDateTimeStamp\\",
          \\"deleteGenerator\\": \\"None\\"
        },
        {
          \\"name\\": \\"deleted-timestamp\\",
          \\"shortName\\": \\"dt\\",
          \\"required\\": true,
          \\"comments\\": [
            \\"The timestamp representing when this record was marked as deleted.\\"
          ],
          \\"type\\": \\"String\\",
          \\"management\\": \\"SYSTEM_MANAGED\\",
          \\"visibility\\": \\"HIDDEN\\",
          \\"identifier\\": \\"NONE\\",
          \\"compositionSources\\": [],
          \\"compositionsSeperator\\": \\"#\\",
          \\"createGenerator\\": \\"None\\",
          \\"readGenerator\\": \\"None\\",
          \\"updateGenerator\\": \\"None\\",
          \\"deleteGenerator\\": \\"CurrentDateTimeStamp\\"
        },
        {
          \\"name\\": \\"name\\",
          \\"shortName\\": \\"name\\",
          \\"required\\": true,
          \\"comments\\": [],
          \\"type\\": \\"String\\",
          \\"management\\": \\"USER_MANAGED\\",
          \\"visibility\\": \\"USER_VISIBLE\\",
          \\"identifier\\": \\"NONE\\",
          \\"compositionSources\\": [],
          \\"compositionsSeperator\\": \\"#\\",
          \\"createGenerator\\": \\"None\\",
          \\"readGenerator\\": \\"None\\",
          \\"updateGenerator\\": \\"None\\",
          \\"deleteGenerator\\": \\"None\\"
        }
      ],
      \\"dataStructure\\": {
        \\"name\\": \\"widget\\",
        \\"comments\\": [
          \\"Public facing data structure for this record.\\"
        ],
        \\"attributes\\": [
          {
            \\"name\\": \\"id\\",
            \\"shortName\\": \\"id\\",
            \\"type\\": \\"String\\",
            \\"management\\": \\"SYSTEM_MANAGED\\",
            \\"visibility\\": \\"USER_VISIBLE\\",
            \\"comments\\": [
              \\"Identifier for this record.\\"
            ],
            \\"required\\": true,
            \\"generator\\": \\"None\\"
          },
          {
            \\"name\\": \\"type\\",
            \\"shortName\\": \\"t\\",
            \\"type\\": \\"String\\",
            \\"management\\": \\"SYSTEM_MANAGED\\",
            \\"visibility\\": \\"USER_VISIBLE\\",
            \\"comments\\": [
              \\"Type of record.\\"
            ],
            \\"required\\": true,
            \\"generator\\": \\"None\\"
          },
          {
            \\"name\\": \\"version\\",
            \\"shortName\\": \\"v\\",
            \\"type\\": \\"String\\",
            \\"management\\": \\"SYSTEM_MANAGED\\",
            \\"visibility\\": \\"USER_VISIBLE\\",
            \\"comments\\": [
              \\"Version for record.\\"
            ],
            \\"required\\": true,
            \\"generator\\": \\"None\\"
          },
          {
            \\"name\\": \\"created-timestamp\\",
            \\"shortName\\": \\"ct\\",
            \\"type\\": \\"String\\",
            \\"management\\": \\"SYSTEM_MANAGED\\",
            \\"visibility\\": \\"USER_VISIBLE\\",
            \\"comments\\": [
              \\"The timestamp representing when this record was created.\\"
            ],
            \\"required\\": true,
            \\"generator\\": \\"None\\"
          },
          {
            \\"name\\": \\"modified-timestamp\\",
            \\"shortName\\": \\"mt\\",
            \\"type\\": \\"String\\",
            \\"management\\": \\"SYSTEM_MANAGED\\",
            \\"visibility\\": \\"USER_VISIBLE\\",
            \\"comments\\": [
              \\"The timestamp representing when this record was last modified.\\"
            ],
            \\"required\\": true,
            \\"generator\\": \\"None\\"
          },
          {
            \\"name\\": \\"name\\",
            \\"shortName\\": \\"name\\",
            \\"type\\": \\"String\\",
            \\"management\\": \\"USER_MANAGED\\",
            \\"visibility\\": \\"USER_VISIBLE\\",
            \\"comments\\": [],
            \\"required\\": true,
            \\"generator\\": \\"None\\"
          }
        ]
      }
    }
  ],
  \\"operations\\": []
}"
`;
