// Jest Snapshot v1, https://goo.gl/fbAQLP

exports[`Smoke test 1`] = `undefined`;
