// Jest Snapshot v1, https://goo.gl/fbAQLP

exports[`Resource formatting test 1`] = `
"// ~~ Generated by projen. To modify, edit .projenrc.js and run \\"npx projen\\".

export type Error = {
    code: number;
    source: string;
    message: string;
    detail: string;
};

export type Request<T> = {
    input?: T;
};

export type Response<T> = {
    data?: T;
    errors: Array<Error>;
    status: number;
};

export type ListRequest<T> = {
    /**
     * A search string to filter the list by.
     * Will match starting string in index text. Case insensitive.
    */
    indexTerm: string;
    nextToken: string;
};

export type ListResponse<T> = {
    data?: Array<T>;
    errors: Array<Error>;
    status: number;
};

/**
 * Public facing data structure for this record.
*/
export type User = {
    /**
     * Identifier for this record.
    */
    id: string;
    /**
     * Type of record.
    */
    type: string;
    /**
     * Version for record.
    */
    version: string;
    /**
     * The timestamp representing when this record was created.
    */
    createdTimestamp: string;
    /**
     * The timestamp representing when this record was last modified.
    */
    modifiedTimestamp: string;
    firstName: string;
    lastName: string;
};

/**
 * Private data structure for this record.
 * Used internally in Dynamo, SQS and other native services.
*/
export type UserData = {};

export type CreateUserInput = {};

export type CreateUserOutput = {};

export type GetUserInput = {};

export type GetUserOutput = {};

export type UpdateUserInput = {};

export type UpdateUserOutput = {};

export type DeleteUserInput = {};

export type DeleteUserOutput = {};
"
`;
