// Jest Snapshot v1, https://goo.gl/fbAQLP

exports[`Smoke test 1`] = `
"// ~~ Generated by projen. To modify, edit .projenrc.js and run \\"npx projen\\".

export type Error = {
  code: number;
  source: string;
  message: string;
  detail: string;
}

export type Response<T> = {
  data?: T;
  errors: Error[];
  status: number;
}

export type ListResponse<T> = {
  data?: T[];
  errors: Error[];
  status: number;
}
"
`;
