// Jest Snapshot v1, https://goo.gl/fbAQLP

exports[`Success Conditions Smoke test 1`] = `
"type Mutation {
  createPerson(input: CreatePersonInput!): Person
}

type Person {
  id: String!
  type: String!
  version: String!
  createdTimestamp: String!
  modifiedTimestamp: String!
  firstName: String!
  lastName: String!
  height: Int!
  isFrog: Boolean!
  favColors: [String!]
  oneClub: Club!
  arrayOfClubs: [Club!]
}

type Club {
  id: String!
  type: String!
  version: String!
  createdTimestamp: String!
  modifiedTimestamp: String!
  name: String!
}

input CreatePersonInput {
  firstName: String!
  lastName: String!
  height: Int!
  isFrog: Boolean!
  favColors: [String!]
  oneClub: ClubIdInput
  arrayOfClubs: [ClubIdInput]
}

input ClubIdInput {
  id: String!
}

type Query
# ~~ Generated by projen. To modify, edit .projenrc.js and run \\"npx projen\\".

"
`;
