// Jest Snapshot v1, https://goo.gl/fbAQLP

exports[`Smoke test 1`] = `
"// ~~ Generated by projen. To modify, edit .projenrc.js and run \\"npx projen\\".

module.exports = {
  \\"tables\\": [
    {
      \\"TableName\\": \\"test\\",
      \\"KeySchema\\": [
        {
          \\"AttributeName\\": \\"pk\\",
          \\"KeyType\\": \\"HASH\\"
        },
        {
          \\"AttributeName\\": \\"sk\\",
          \\"KeyType\\": \\"RANGE\\"
        }
      ],
      \\"AttributeDefinitions\\": [
        {
          \\"AttributeName\\": \\"pk\\",
          \\"AttributeType\\": \\"S\\"
        },
        {
          \\"AttributeName\\": \\"sk\\",
          \\"AttributeType\\": \\"S\\"
        },
        {
          \\"AttributeName\\": \\"idx\\",
          \\"AttributeType\\": \\"S\\"
        }
      ],
      \\"GlobalSecondaryIndexes\\": [
        {
          \\"IndexName\\": \\"loookup\\",
          \\"KeySchema\\": [
            {
              \\"AttributeName\\": \\"sk\\",
              \\"KeyType\\": \\"HASH\\"
            },
            {
              \\"AttributeName\\": \\"idx\\",
              \\"KeyType\\": \\"RANGE\\"
            }
          ],
          \\"Projection\\": {
            \\"ProjectionType\\": \\"ALL\\"
          }
        }
      ],
      \\"ProvisionedThroughput\\": {
        \\"ReadCapacityUnits\\": 1,
        \\"WriteCapacityUnits\\": 1
      }
    }
  ],
  \\"basePort\\": 7900
};
"
`;
