// Jest Snapshot v1, https://goo.gl/fbAQLP

exports[`validate generated project files .projen/tasks.json 1`] = `
Object {
  "//": "~~ Generated by projen. To modify, edit .projenrc.js and run \\"npx projen\\".",
  "env": Object {
    "PATH": "$(pnpm -c exec \\"node --print process.env.PATH\\")",
  },
  "tasks": Object {
    "build": Object {
      "description": "Full release build",
      "name": "build",
      "steps": Array [
        Object {
          "spawn": "pre-compile",
        },
        Object {
          "spawn": "compile",
        },
        Object {
          "spawn": "post-compile",
        },
        Object {
          "spawn": "test",
        },
        Object {
          "spawn": "package",
        },
      ],
    },
    "bundle": Object {
      "description": "Prepare assets",
      "name": "bundle",
    },
    "compile": Object {
      "description": "Only compile",
      "name": "compile",
    },
    "default": Object {
      "description": "Synthesize project files",
      "name": "default",
    },
    "deploy": Object {
      "description": "Deploys your CDK app to the AWS cloud",
      "name": "deploy",
      "steps": Array [
        Object {
          "exec": "cdk deploy",
          "receiveArgs": true,
        },
      ],
    },
    "destroy": Object {
      "description": "Destroys your cdk app in the AWS cloud",
      "name": "destroy",
      "steps": Array [
        Object {
          "exec": "cdk destroy",
          "receiveArgs": true,
        },
      ],
    },
    "diff": Object {
      "description": "Diffs the currently deployed app against your code",
      "name": "diff",
      "steps": Array [
        Object {
          "exec": "cdk diff",
        },
      ],
    },
    "eslint": Object {
      "description": "Runs eslint against the codebase",
      "name": "eslint",
      "steps": Array [
        Object {
          "exec": "eslint --ext .ts,.tsx --fix --no-error-on-unmatched-pattern src test build-tools",
        },
      ],
    },
    "install": Object {
      "description": "Install project dependencies and update lockfile (non-frozen)",
      "name": "install",
      "steps": Array [
        Object {
          "exec": "pnpm i --no-frozen-lockfile",
        },
      ],
    },
    "install:ci": Object {
      "description": "Install project dependencies using frozen lockfile",
      "name": "install:ci",
      "steps": Array [
        Object {
          "exec": "pnpm i --frozen-lockfile",
        },
      ],
    },
    "package": Object {
      "description": "Creates the distribution package",
      "name": "package",
    },
    "post-compile": Object {
      "description": "Runs after successful compilation",
      "name": "post-compile",
      "steps": Array [
        Object {
          "spawn": "synth:silent",
        },
      ],
    },
    "post-upgrade": Object {
      "description": "Runs after upgrading dependencies",
      "name": "post-upgrade",
    },
    "pre-compile": Object {
      "description": "Prepare the project for compilation",
      "name": "pre-compile",
    },
    "synth": Object {
      "description": "Synthesizes your cdk app into cdk.out",
      "name": "synth",
      "steps": Array [
        Object {
          "exec": "cdk synth",
        },
      ],
    },
    "synth:silent": Object {
      "description": "Synthesizes your cdk app into cdk.out and suppresses the template in stdout (part of \\"yarn build\\")",
      "name": "synth:silent",
      "steps": Array [
        Object {
          "exec": "cdk synth -q",
        },
      ],
    },
    "test": Object {
      "description": "Run tests",
      "name": "test",
      "steps": Array [
        Object {
          "exec": "jest --passWithNoTests --updateSnapshot",
          "receiveArgs": true,
        },
        Object {
          "spawn": "eslint",
        },
      ],
    },
    "test:watch": Object {
      "description": "Run jest in watch mode",
      "name": "test:watch",
      "steps": Array [
        Object {
          "exec": "jest --watch",
        },
      ],
    },
    "upgrade": Object {
      "description": "upgrade dependencies",
      "env": Object {
        "CI": "0",
      },
      "name": "upgrade",
      "steps": Array [
        Object {
          "exec": "pnpm update npm-check-updates",
        },
        Object {
          "exec": "npm-check-updates --upgrade --target=minor --peer --dep=dev,peer,prod,optional --filter=@types/jest,@types/node,@typescript-eslint/eslint-plugin,@typescript-eslint/parser,aws-cdk,esbuild,eslint-config-prettier,eslint-import-resolver-node,eslint-import-resolver-typescript,eslint-plugin-import,eslint-plugin-prettier,eslint,jest,jest-junit,npm-check-updates,prettier,projen,ts-jest,ts-node,typescript,aws-cdk-lib,constructs",
        },
        Object {
          "exec": "pnpm i --no-frozen-lockfile",
        },
        Object {
          "exec": "pnpm update @types/jest @types/node @typescript-eslint/eslint-plugin @typescript-eslint/parser aws-cdk esbuild eslint-config-prettier eslint-import-resolver-node eslint-import-resolver-typescript eslint-plugin-import eslint-plugin-prettier eslint jest jest-junit npm-check-updates prettier projen ts-jest ts-node typescript aws-cdk-lib constructs",
        },
        Object {
          "exec": "npx projen",
        },
        Object {
          "spawn": "post-upgrade",
        },
      ],
    },
    "watch": Object {
      "description": "Watches changes in your source code and rebuilds and deploys to the current account",
      "name": "watch",
      "steps": Array [
        Object {
          "exec": "cdk deploy --hotswap",
        },
        Object {
          "exec": "cdk watch",
        },
      ],
    },
  },
}
`;

exports[`validate generated project files turbo.json 1`] = `
Object {
  "$schema": "https://turborepo.org/schema.json",
  "//": "~~ Generated by projen. To modify, edit .projenrc.ts and run \\"npx projen\\".",
  "pipeline": Object {
    "eslint": Object {
      "cache": false,
      "dependsOn": Array [
        "^eslint",
      ],
    },
    "turbo:build": Object {
      "dependsOn": Array [],
      "outputMode": "new-only",
    },
  },
}
`;
